<html>
<body>
<pre>
<h1>µVision Build Log</h1>
<h2>Tool Versions:</h2>
IDE-Version: µVision V5.24.2.0
Copyright (C) 2017 ARM Ltd and ARM Germany GmbH. All rights reserved.
License Information: Guanxiong Fu, University of Colorado Boulder, LIC=----
 
Tool Versions:
Toolchain:       MDK-Lite  Version: 5.24.1
Toolchain Path:  F:\Keil_v5\ARM\ARMCC\Bin
C Compiler:      Armcc.exe V5.06 update 5 (build 528)
Assembler:       Armasm.exe V5.06 update 5 (build 528)
Linker/Locator:  ArmLink.exe V5.06 update 5 (build 528)
Library Manager: ArmAr.exe V5.06 update 5 (build 528)
Hex Converter:   FromElf.exe V5.06 update 5 (build 528)
CPU DLL:         SARMCM3.DLL V5.24.1
Dialog DLL:      DCM.DLL V1.16.0.0
Target DLL:      Segger\JL2CM3.dll V2.99.26.0
Dialog DLL:      TCM.DLL V1.32.0.0
 
<h2>Project:</h2>
F:\Keil_v5\projects\Nordic_Thingy\Prototype_thingy\prototype_thingy.uvprojx
Project File Date:  03/01/2018

<h2>Output:</h2>
*** Using Compiler 'V5.06 update 5 (build 528)', folder: 'F:\Keil_v5\ARM\ARMCC\Bin'
Rebuild target 'Target 1'
assembling arm_startup_nrf52.s...
compiling interrupts.c...
compiling nrf_nvmc.c...
compiling configuration.c...
compiling main.c...
compiling system_nrf52.c...
linking...
Program Size: Code=1876 RO-data=544 RW-data=4 ZI-data=16484  
".\Objects\prototype_thingy.axf" - 0 Error(s), 0 Warning(s).

<h2>Software Packages used:</h2>

Package Vendor: ARM
                http://www.keil.com/pack/ARM.CMSIS.5.2.0.pack
                ARM.CMSIS.5.2.0
                CMSIS (Cortex Microcontroller Software Interface Standard)
   * Component: CORE Version: 5.0.2

Package Vendor: NordicSemiconductor
                http://developer.nordicsemi.com/nRF5_SDK/pieces/nRF_DeviceFamilyPack/NordicSemiconductor.nRF_DeviceFamilyPack.8.15.2.pack
                NordicSemiconductor.nRF_DeviceFamilyPack.8.15.2
                Nordic Semiconductor nRF ARM devices Device Family Pack.
   * Component: StartupConfig Version: 8.15.2
   * Component: Startup Version: 8.15.2

Package Vendor: NordicSemiconductor
                http://developer.nordicsemi.com/nRF51_SDK/pieces/nRF_Drivers/NordicSemiconductor.nRF_Drivers.4.0.0-2.alpha.pack
                NordicSemiconductor.nRF_Drivers.4.0.0-2.alpha
                Drivers for Nordic Semiconductor nRF family.
   * Component: nrf_spim Version: 4.0.0-2.alpha
   * Component: nrf_spi Version: 4.0.0-2.alpha
   * Component: nrf_pwm Version: 4.0.0-2.alpha
   * Component: nrf_ppi Version: 4.0.0-2.alpha
   * Component: nrf_pdm Version: 4.0.0-2.alpha
   * Component: nrf_nvmc Version: 4.0.0-2.alpha
   * Component: nrf_i2s Version: 4.0.0-2.alpha
   * Component: nrf_gpiote Version: 4.0.0-2.alpha
   * Component: nrf_gpio Version: 4.0.0-2.alpha
   * Component: nrf_clock Version: 4.0.0-2.alpha

<h2>Collection of Component include folders:</h2>
  .\RTE\Device\nRF52832_xxAA
  .\RTE\_Target_1
  .\RTE\nRF_Drivers\nRF52832_xxAA
  F:\Keil_v5\ARM\PACK\ARM\CMSIS\5.2.0\CMSIS\Include
  F:\Keil_v5\ARM\PACK\NordicSemiconductor\nRF_DeviceFamilyPack\8.15.2\Device\Include
  F:\Keil_v5\ARM\PACK\NordicSemiconductor\nRF_Drivers\4.0.0-2.alpha\hal

<h2>Collection of Component Files used:</h2>

   * Component: NordicSemiconductor::nRF_Drivers:nrf_spim:4.0.0-2.alpha
      Include file:  hal\nrf_spim.h

   * Component: NordicSemiconductor::nRF_Drivers:nrf_spi:4.0.0-2.alpha
      Include file:  hal\nrf_spi.h

   * Component: NordicSemiconductor::nRF_Drivers:nrf_pwm:4.0.0-2.alpha
      Include file:  hal\nrf_pwm.h

   * Component: NordicSemiconductor::nRF_Drivers:nrf_ppi:4.0.0-2.alpha
      Include file:  hal\nrf_ppi.h

   * Component: NordicSemiconductor::nRF_Drivers:nrf_pdm:4.0.0-2.alpha
      Include file:  hal\nrf_pdm.h

   * Component: NordicSemiconductor::nRF_Drivers:nrf_nvmc:4.0.0-2.alpha
      Include file:  hal\nrf_nvmc.h
      Source file:   hal\nrf_nvmc.c

   * Component: NordicSemiconductor::nRF_Drivers:nrf_i2s:4.0.0-2.alpha
      Include file:  hal\nrf_i2s.h

   * Component: NordicSemiconductor::nRF_Drivers:nrf_gpiote:4.0.0-2.alpha
      Include file:  hal\nrf_gpiote.h

   * Component: NordicSemiconductor::nRF_Drivers:nrf_gpio:4.0.0-2.alpha
      Include file:  hal\nrf_gpio.h

   * Component: NordicSemiconductor::nRF_Drivers:nrf_clock:4.0.0-2.alpha
      Include file:  hal\nrf_clock.h

   * Component: NordicSemiconductor::Device:StartupConfig:8.15.2
      Include file:  Device\Source\startup_config.h

   * Component: NordicSemiconductor::Device:Startup:8.15.2
      Source file:   Device\Source\arm\arm_startup_nrf52.s
      Source file:   Device\Source\system_nrf52.c
      Include file:  Device\Include\system_nrf52.h

   * Component: ARM::CMSIS:CORE:5.0.2
Build Time Elapsed:  00:00:02
</pre>
</body>
</html>
